[PERSISTENCE] Connected to PostgreSQL successfully
[C++ SERVER] Connected to PostgreSQL successfully
[C++ SERVER] Loaded user: alice (id=2, 0 friends)
[C++ SERVER] Loaded user: dat (id=1, 0 friends)
[C++ SERVER] Loaded 2 users from database
[C++ SERVER] Listening on 0.0.0.0:8080
[C++ SERVER] Client connected from 127.0.0.1:44508
[C++ SERVER] handle_client started for fd=5
[C++ SERVER] Received: magic=0x43484154 version=1 type=2 length=86
[C++ SERVER] Received payload: 86 bytes
[C++ SERVER] Payload: password=c273fa7505428a152554ab1248060934d8398ee3c5097410c92e4a4cf6986011&username=dat
[PERSISTENCE] Query failed: ERROR:  null value in column "timestamp" of relation "activity_logs" violates not-null constraint
DETAIL:  Failing row contains (4, USER_ONLINE, 1, null, , null, 2025-11-16 22:09:53.609505).

[PERSISTENCE] Query: INSERT INTO activity_logs (log_type, user_id, target_user_id, details) VALUES ('USER_ONLINE', 1, NULL, '')
[C++ SERVER] Sending response: type=240 (SUCCESS), userId=1, payload_len=51
[C++ SERVER] Response payload: success=true&userId=1&token=demo_token&username=dat
[C++ SERVER] Response sent successfully
[LOG] userId=1 action=LOGIN details=username=dat
[DEBUG] Delivering 1 pending friend requests to userId=1
[C++ SERVER] Sending response: type=16 (OTHER), userId=2, payload_len=31
[C++ SERVER] Response payload: fromUserId=2&fromUsername=alice
[C++ SERVER] Response sent successfully
[C++ SERVER] Received: magic=0x43484154 version=1 type=5 length=0
[C++ SERVER] Sending response: type=240 (SUCCESS), userId=1, payload_len=37
[C++ SERVER] Response payload: count=1&id0=2&name0=alice&isFriend0=0
[C++ SERVER] Response sent successfully
[C++ SERVER] Received: magic=0x43484154 version=1 type=16 length=14
[C++ SERVER] Received payload: 14 bytes
[C++ SERVER] Payload: username=alice
[PERSISTENCE] Query failed: ERROR:  null value in column "timestamp" of relation "activity_logs" violates not-null constraint
DETAIL:  Failing row contains (5, FRIEND_REQUEST_SEND, 1, 2, , null, 2025-11-16 22:09:58.727961).

[PERSISTENCE] Query: INSERT INTO activity_logs (log_type, user_id, target_user_id, details) VALUES ('FRIEND_REQUEST_SEND', 1, 2, '')
[DEBUG] FRIEND_REQUEST: userId=1 -> targetId=2, stored successfully
[DEBUG] targetUserId=2 is NOT online, friend request will be delivered on next login
[LOG] userId=1 action=FRIEND_REQUEST details=to_userId=2
[C++ SERVER] Sending response: type=240 (SUCCESS), userId=1, payload_len=19
[C++ SERVER] Response payload: Friend request sent
[C++ SERVER] Response sent successfully
[C++ SERVER] Received: magic=0x43484154 version=1 type=3 length=0
[LOG] userId=1 action=LOGOUT
[C++ SERVER] Sending response: type=240 (SUCCESS), userId=1, payload_len=0
[C++ SERVER] Response sent successfully
[C++ SERVER] Client connected from 127.0.0.1:55318
[C++ SERVER] handle_client started for fd=6
[C++ SERVER] Received: magic=0x43484154 version=1 type=2 length=88
[C++ SERVER] Received payload: 88 bytes
[C++ SERVER] Payload: password=c273fa7505428a152554ab1248060934d8398ee3c5097410c92e4a4cf6986011&username=alice
[PERSISTENCE] Query failed: ERROR:  null value in column "timestamp" of relation "activity_logs" violates not-null constraint
DETAIL:  Failing row contains (6, USER_ONLINE, 2, null, , null, 2025-11-16 22:10:13.536286).

[PERSISTENCE] Query: INSERT INTO activity_logs (log_type, user_id, target_user_id, details) VALUES ('USER_ONLINE', 2, NULL, '')
[C++ SERVER] Sending response: type=240 (SUCCESS), userId=2, payload_len=53
[C++ SERVER] Response payload: success=true&userId=2&token=demo_token&username=alice
[C++ SERVER] Response sent successfully
[LOG] userId=2 action=LOGIN details=username=alice
[DEBUG] Delivering 1 pending friend requests to userId=2
[C++ SERVER] Sending response: type=16 (OTHER), userId=1, payload_len=29
[C++ SERVER] Response payload: fromUserId=1&fromUsername=dat
[C++ SERVER] Response sent successfully
[C++ SERVER] Received: magic=0x43484154 version=1 type=3 length=0
[LOG] userId=2 action=LOGOUT
[C++ SERVER] Sending response: type=240 (SUCCESS), userId=2, payload_len=0
[C++ SERVER] Response sent successfully
[C++ SERVER] Client connected from 127.0.0.1:48646
[C++ SERVER] handle_client started for fd=5
[C++ SERVER] Received: magic=0x43484154 version=1 type=2 length=86
[C++ SERVER] Received payload: 86 bytes
[C++ SERVER] Payload: password=c273fa7505428a152554ab1248060934d8398ee3c5097410c92e4a4cf6986011&username=dat
[PERSISTENCE] Query failed: ERROR:  null value in column "timestamp" of relation "activity_logs" violates not-null constraint
DETAIL:  Failing row contains (7, USER_ONLINE, 1, null, , null, 2025-11-16 22:22:38.689523).

[PERSISTENCE] Query: INSERT INTO activity_logs (log_type, user_id, target_user_id, details) VALUES ('USER_ONLINE', 1, NULL, '')
[C++ SERVER] Sending response: type=240 (SUCCESS), userId=1, payload_len=51
[C++ SERVER] Response payload: success=true&userId=1&token=demo_token&username=dat
[C++ SERVER] Response sent successfully
[LOG] userId=1 action=LOGIN details=username=dat
[DEBUG] Delivering 1 pending friend requests to userId=1
[C++ SERVER] Sending response: type=16 (OTHER), userId=2, payload_len=31
[C++ SERVER] Response payload: fromUserId=2&fromUsername=alice
[C++ SERVER] Response sent successfully
[C++ SERVER] Received: magic=0x43484154 version=1 type=5 length=0
[C++ SERVER] Sending response: type=240 (SUCCESS), userId=1, payload_len=37
[C++ SERVER] Response payload: count=1&id0=2&name0=alice&isFriend0=0
[C++ SERVER] Response sent successfully
[C++ SERVER] Received: magic=0x43484154 version=1 type=16 length=14
[C++ SERVER] Received payload: 14 bytes
[C++ SERVER] Payload: username=alice
[C++ SERVER] Sending response: type=241 (ERROR), userId=1, payload_len=27
[C++ SERVER] Response payload: Friend request already sent
[C++ SERVER] Response sent successfully
[C++ SERVER] Received: magic=0x43484154 version=1 type=3 length=0
[LOG] userId=1 action=LOGOUT
[C++ SERVER] Sending response: type=240 (SUCCESS), userId=1, payload_len=0
[C++ SERVER] Response sent successfully
[C++ SERVER] Client connected from 127.0.0.1:35128
[C++ SERVER] handle_client started for fd=6
[C++ SERVER] Received: magic=0x43484154 version=1 type=2 length=88
[C++ SERVER] Received payload: 88 bytes
[C++ SERVER] Payload: password=c273fa7505428a152554ab1248060934d8398ee3c5097410c92e4a4cf6986011&username=alice
[PERSISTENCE] Query failed: ERROR:  null value in column "timestamp" of relation "activity_logs" violates not-null constraint
DETAIL:  Failing row contains (8, USER_ONLINE, 2, null, , null, 2025-11-16 22:23:11.685257).

[PERSISTENCE] Query: INSERT INTO activity_logs (log_type, user_id, target_user_id, details) VALUES ('USER_ONLINE', 2, NULL, '')
[C++ SERVER] Sending response: type=240 (SUCCESS), userId=2, payload_len=53
[C++ SERVER] Response payload: success=true&userId=2&token=demo_token&username=alice
[C++ SERVER] Response sent successfully
[LOG] userId=2 action=LOGIN details=username=alice
[DEBUG] Delivering 1 pending friend requests to userId=2
[C++ SERVER] Sending response: type=16 (OTHER), userId=1, payload_len=29
[C++ SERVER] Response payload: fromUserId=1&fromUsername=dat
[C++ SERVER] Response sent successfully
[C++ SERVER] Received: magic=0x43484154 version=1 type=3 length=0
[LOG] userId=2 action=LOGOUT
[C++ SERVER] Sending response: type=240 (SUCCESS), userId=2, payload_len=0
[C++ SERVER] Response sent successfully
[C++ SERVER] Client connected from 127.0.0.1:40700
[C++ SERVER] handle_client started for fd=5
[C++ SERVER] Received: magic=0x43484154 version=1 type=2 length=86
[C++ SERVER] Received payload: 86 bytes
[C++ SERVER] Payload: password=c273fa7505428a152554ab1248060934d8398ee3c5097410c92e4a4cf6986011&username=dat
[PERSISTENCE] Query failed: ERROR:  null value in column "timestamp" of relation "activity_logs" violates not-null constraint
DETAIL:  Failing row contains (9, USER_ONLINE, 1, null, , null, 2025-11-16 22:32:54.522023).

[PERSISTENCE] Query: INSERT INTO activity_logs (log_type, user_id, target_user_id, details) VALUES ('USER_ONLINE', 1, NULL, '')
[C++ SERVER] Sending response: type=240 (SUCCESS), userId=1, payload_len=51
[C++ SERVER] Response payload: success=true&userId=1&token=demo_token&username=dat
[C++ SERVER] Response sent successfully
[LOG] userId=1 action=LOGIN details=username=dat
[DEBUG] Delivering 1 pending friend requests to userId=1
[C++ SERVER] Sending response: type=16 (OTHER), userId=2, payload_len=31
[C++ SERVER] Response payload: fromUserId=2&fromUsername=alice
[C++ SERVER] Response sent successfully
[C++ SERVER] Received: magic=0x43484154 version=1 type=5 length=0
[C++ SERVER] Sending response: type=240 (SUCCESS), userId=1, payload_len=37
[C++ SERVER] Response payload: count=1&id0=2&name0=alice&isFriend0=0
[C++ SERVER] Response sent successfully
[C++ SERVER] Received: magic=0x43484154 version=1 type=16 length=14
[C++ SERVER] Received payload: 14 bytes
[C++ SERVER] Payload: username=alice
[C++ SERVER] Sending response: type=241 (ERROR), userId=1, payload_len=27
[C++ SERVER] Response payload: Friend request already sent
[C++ SERVER] Response sent successfully
[C++ SERVER] Received: magic=0x43484154 version=1 type=3 length=0
[LOG] userId=1 action=LOGOUT
[C++ SERVER] Sending response: type=240 (SUCCESS), userId=1, payload_len=0
[C++ SERVER] Response sent successfully
[C++ SERVER] Client connected from 127.0.0.1:40572
[C++ SERVER] handle_client started for fd=6
[C++ SERVER] Received: magic=0x43484154 version=1 type=2 length=88
[C++ SERVER] Received payload: 88 bytes
[C++ SERVER] Payload: password=c273fa7505428a152554ab1248060934d8398ee3c5097410c92e4a4cf6986011&username=alice
[PERSISTENCE] Query failed: ERROR:  null value in column "timestamp" of relation "activity_logs" violates not-null constraint
DETAIL:  Failing row contains (10, USER_ONLINE, 2, null, , null, 2025-11-16 22:34:40.210981).

[PERSISTENCE] Query: INSERT INTO activity_logs (log_type, user_id, target_user_id, details) VALUES ('USER_ONLINE', 2, NULL, '')
[C++ SERVER] Sending response: type=240 (SUCCESS), userId=2, payload_len=53
[C++ SERVER] Response payload: success=true&userId=2&token=demo_token&username=alice
[C++ SERVER] Response sent successfully
[LOG] userId=2 action=LOGIN details=username=alice
[DEBUG] Delivering 1 pending friend requests to userId=2
[C++ SERVER] Sending response: type=16 (OTHER), userId=1, payload_len=29
[C++ SERVER] Response payload: fromUserId=1&fromUsername=dat
[C++ SERVER] Response sent successfully
[C++ SERVER] Received: magic=0x43484154 version=1 type=3 length=0
[LOG] userId=2 action=LOGOUT
[C++ SERVER] Sending response: type=240 (SUCCESS), userId=2, payload_len=0
[C++ SERVER] Response sent successfully
[C++ SERVER] Client connected from 127.0.0.1:43912
[C++ SERVER] handle_client started for fd=5
[C++ SERVER] Received: magic=0x43484154 version=1 type=2 length=88
[C++ SERVER] Received payload: 88 bytes
[C++ SERVER] Payload: password=c273fa7505428a152554ab1248060934d8398ee3c5097410c92e4a4cf6986011&username=alice
[PERSISTENCE] Query failed: ERROR:  null value in column "timestamp" of relation "activity_logs" violates not-null constraint
DETAIL:  Failing row contains (11, USER_ONLINE, 2, null, , null, 2025-11-16 22:39:24.790829).

[PERSISTENCE] Query: INSERT INTO activity_logs (log_type, user_id, target_user_id, details) VALUES ('USER_ONLINE', 2, NULL, '')
[C++ SERVER] Sending response: type=240 (SUCCESS), userId=2, payload_len=53
[C++ SERVER] Response payload: success=true&userId=2&token=demo_token&username=alice
[C++ SERVER] Response sent successfully
[LOG] userId=2 action=LOGIN details=username=alice
[DEBUG] Delivering 1 pending friend requests to userId=2
[C++ SERVER] Sending response: type=16 (OTHER), userId=1, payload_len=29
[C++ SERVER] Response payload: fromUserId=1&fromUsername=dat
[C++ SERVER] Response sent successfully
[C++ SERVER] Received: magic=0x43484154 version=1 type=3 length=0
[LOG] userId=2 action=LOGOUT
[C++ SERVER] Sending response: type=240 (SUCCESS), userId=2, payload_len=0
[C++ SERVER] Response sent successfully
[C++ SERVER] Client connected from 127.0.0.1:47534
[C++ SERVER] handle_client started for fd=6
[C++ SERVER] Received: magic=0x43484154 version=1 type=2 length=86
[C++ SERVER] Received payload: 86 bytes
[C++ SERVER] Payload: password=c273fa7505428a152554ab1248060934d8398ee3c5097410c92e4a4cf6986011&username=dat
[PERSISTENCE] Query failed: ERROR:  null value in column "timestamp" of relation "activity_logs" violates not-null constraint
DETAIL:  Failing row contains (12, USER_ONLINE, 1, null, , null, 2025-11-16 23:12:00.509815).

[PERSISTENCE] Query: INSERT INTO activity_logs (log_type, user_id, target_user_id, details) VALUES ('USER_ONLINE', 1, NULL, '')
[C++ SERVER] Sending response: type=240 (SUCCESS), userId=1, payload_len=51
[C++ SERVER] Response payload: success=true&userId=1&token=demo_token&username=dat
[C++ SERVER] Response sent successfully
[LOG] userId=1 action=LOGIN details=username=dat
[DEBUG] Delivering 1 pending friend requests to userId=1
[C++ SERVER] Sending response: type=16 (OTHER), userId=2, payload_len=31
[C++ SERVER] Response payload: fromUserId=2&fromUsername=alice
[C++ SERVER] Response sent successfully
[C++ SERVER] Received: magic=0x43484154 version=1 type=5 length=0
[C++ SERVER] Sending response: type=240 (SUCCESS), userId=1, payload_len=37
[C++ SERVER] Response payload: count=1&id0=2&name0=alice&isFriend0=0
[C++ SERVER] Response sent successfully
[C++ SERVER] Received: magic=0x43484154 version=1 type=4 length=7
[C++ SERVER] Received payload: 7 bytes
[C++ SERVER] Payload: query=a
[SEARCH] Query: 'a'
[SEARCH] Found 1 users matching 'a'
[C++ SERVER] Sending response: type=240 (SUCCESS), userId=1, payload_len=47
[C++ SERVER] Response payload: count=1&id0=2&name0=alice&phone0=11&isFriend0=0
[C++ SERVER] Response sent successfully
[C++ SERVER] Received: magic=0x43484154 version=1 type=4 length=8
[C++ SERVER] Received payload: 8 bytes
[C++ SERVER] Payload: query=al
[SEARCH] Query: 'al'
[SEARCH] Found 1 users matching 'al'
[C++ SERVER] Sending response: type=240 (SUCCESS), userId=1, payload_len=47
[C++ SERVER] Response payload: count=1&id0=2&name0=alice&phone0=11&isFriend0=0
[C++ SERVER] Response sent successfully
[C++ SERVER] Received: magic=0x43484154 version=1 type=4 length=9
[C++ SERVER] Received payload: 9 bytes
[C++ SERVER] Payload: query=ali
[SEARCH] Query: 'ali'
[SEARCH] Found 1 users matching 'ali'
[C++ SERVER] Sending response: type=240 (SUCCESS), userId=1, payload_len=47
[C++ SERVER] Response payload: count=1&id0=2&name0=alice&phone0=11&isFriend0=0
[C++ SERVER] Response sent successfully
[C++ SERVER] Received: magic=0x43484154 version=1 type=4 length=10
[C++ SERVER] Received payload: 10 bytes
[C++ SERVER] Payload: query=alic
[SEARCH] Query: 'alic'
[SEARCH] Found 1 users matching 'alic'
[C++ SERVER] Sending response: type=240 (SUCCESS), userId=1, payload_len=47
[C++ SERVER] Response payload: count=1&id0=2&name0=alice&phone0=11&isFriend0=0
[C++ SERVER] Response sent successfully
[C++ SERVER] Received: magic=0x43484154 version=1 type=4 length=11
[C++ SERVER] Received payload: 11 bytes
[C++ SERVER] Payload: query=alice
[SEARCH] Query: 'alice'
[SEARCH] Found 1 users matching 'alice'
[C++ SERVER] Sending response: type=240 (SUCCESS), userId=1, payload_len=47
[C++ SERVER] Response payload: count=1&id0=2&name0=alice&phone0=11&isFriend0=0
[C++ SERVER] Response sent successfully
[C++ SERVER] Received: magic=0x43484154 version=1 type=16 length=14
[C++ SERVER] Received payload: 14 bytes
[C++ SERVER] Payload: username=alice
[C++ SERVER] Sending response: type=241 (ERROR), userId=1, payload_len=27
[C++ SERVER] Response payload: Friend request already sent
[C++ SERVER] Response sent successfully
[C++ SERVER] Received: magic=0x43484154 version=1 type=5 length=0
[C++ SERVER] Sending response: type=240 (SUCCESS), userId=1, payload_len=37
[C++ SERVER] Response payload: count=1&id0=2&name0=alice&isFriend0=0
[C++ SERVER] Response sent successfully
[C++ SERVER] Received: magic=0x43484154 version=1 type=16 length=14
[C++ SERVER] Received payload: 14 bytes
[C++ SERVER] Payload: username=alice
[C++ SERVER] Sending response: type=241 (ERROR), userId=1, payload_len=27
[C++ SERVER] Response payload: Friend request already sent
[C++ SERVER] Response sent successfully
[C++ SERVER] Received: magic=0x43484154 version=1 type=3 length=0
[LOG] userId=1 action=LOGOUT
[C++ SERVER] Sending response: type=240 (SUCCESS), userId=1, payload_len=0
[C++ SERVER] Response sent successfully
[C++ SERVER] Client connected from 127.0.0.1:35900
[C++ SERVER] handle_client started for fd=5
[C++ SERVER] Received: magic=0x43484154 version=1 type=2 length=88
[C++ SERVER] Received payload: 88 bytes
[C++ SERVER] Payload: password=c273fa7505428a152554ab1248060934d8398ee3c5097410c92e4a4cf6986011&username=alice
[PERSISTENCE] Query failed: ERROR:  null value in column "timestamp" of relation "activity_logs" violates not-null constraint
DETAIL:  Failing row contains (13, USER_ONLINE, 2, null, , null, 2025-11-16 23:12:35.824075).

[PERSISTENCE] Query: INSERT INTO activity_logs (log_type, user_id, target_user_id, details) VALUES ('USER_ONLINE', 2, NULL, '')
[C++ SERVER] Sending response: type=240 (SUCCESS), userId=2, payload_len=53
[C++ SERVER] Response payload: success=true&userId=2&token=demo_token&username=alice
[C++ SERVER] Response sent successfully
[LOG] userId=2 action=LOGIN details=username=alice
[DEBUG] Delivering 1 pending friend requests to userId=2
[C++ SERVER] Sending response: type=16 (OTHER), userId=1, payload_len=29
[C++ SERVER] Response payload: fromUserId=1&fromUsername=dat
[C++ SERVER] Response sent successfully
[C++ SERVER] Received: magic=0x43484154 version=1 type=3 length=0
[LOG] userId=2 action=LOGOUT
[C++ SERVER] Sending response: type=240 (SUCCESS), userId=2, payload_len=0
[C++ SERVER] Response sent successfully
[C++ SERVER] Client connected from 127.0.0.1:48712
[C++ SERVER] handle_client started for fd=6
[C++ SERVER] Received: magic=0x43484154 version=1 type=2 length=88
[C++ SERVER] Received payload: 88 bytes
[C++ SERVER] Payload: password=c273fa7505428a152554ab1248060934d8398ee3c5097410c92e4a4cf6986011&username=alice
[PERSISTENCE] Query failed: ERROR:  null value in column "timestamp" of relation "activity_logs" violates not-null constraint
DETAIL:  Failing row contains (14, USER_ONLINE, 2, null, , null, 2025-11-16 23:16:16.855797).

[PERSISTENCE] Query: INSERT INTO activity_logs (log_type, user_id, target_user_id, details) VALUES ('USER_ONLINE', 2, NULL, '')
[C++ SERVER] Sending response: type=240 (SUCCESS), userId=2, payload_len=53
[C++ SERVER] Response payload: success=true&userId=2&token=demo_token&username=alice
[C++ SERVER] Response sent successfully
[LOG] userId=2 action=LOGIN details=username=alice
[DEBUG] Delivering 1 pending friend requests to userId=2
[C++ SERVER] Sending response: type=16 (OTHER), userId=1, payload_len=29
[C++ SERVER] Response payload: fromUserId=1&fromUsername=dat
[C++ SERVER] Response sent successfully
[C++ SERVER] Received: magic=0x43484154 version=1 type=3 length=0
[LOG] userId=2 action=LOGOUT
[C++ SERVER] Sending response: type=240 (SUCCESS), userId=2, payload_len=0
[C++ SERVER] Response sent successfully
[C++ SERVER] Client connected from 127.0.0.1:41632
[C++ SERVER] handle_client started for fd=5
[C++ SERVER] Received: magic=0x43484154 version=1 type=2 length=86
[C++ SERVER] Received payload: 86 bytes
[C++ SERVER] Payload: password=c273fa7505428a152554ab1248060934d8398ee3c5097410c92e4a4cf6986011&username=dat
[PERSISTENCE] Query failed: ERROR:  null value in column "timestamp" of relation "activity_logs" violates not-null constraint
DETAIL:  Failing row contains (15, USER_ONLINE, 1, null, , null, 2025-11-16 23:16:27.522159).

[PERSISTENCE] Query: INSERT INTO activity_logs (log_type, user_id, target_user_id, details) VALUES ('USER_ONLINE', 1, NULL, '')
[C++ SERVER] Sending response: type=240 (SUCCESS), userId=1, payload_len=51
[C++ SERVER] Response payload: success=true&userId=1&token=demo_token&username=dat
[C++ SERVER] Response sent successfully
[LOG] userId=1 action=LOGIN details=username=dat
[DEBUG] Delivering 1 pending friend requests to userId=1
[C++ SERVER] Sending response: type=16 (OTHER), userId=2, payload_len=31
[C++ SERVER] Response payload: fromUserId=2&fromUsername=alice
[C++ SERVER] Response sent successfully
[C++ SERVER] Received: magic=0x43484154 version=1 type=5 length=0
[C++ SERVER] Sending response: type=240 (SUCCESS), userId=1, payload_len=37
[C++ SERVER] Response payload: count=1&id0=2&name0=alice&isFriend0=0
[C++ SERVER] Response sent successfully
[C++ SERVER] Received: magic=0x43484154 version=1 type=16 length=14
[C++ SERVER] Received payload: 14 bytes
[C++ SERVER] Payload: username=alice
[C++ SERVER] Sending response: type=241 (ERROR), userId=1, payload_len=27
[C++ SERVER] Response payload: Friend request already sent
[C++ SERVER] Response sent successfully
