nohup: ignoring input
[PERSISTENCE] No existing users file
[C++ SERVER] Listening on 0.0.0.0:8080
[C++ SERVER] Client connected from 127.0.0.1:46368
[C++ SERVER] handle_client started for fd=4
[C++ SERVER] Received: magic=0x43484154 version=1 type=2 length=86
[C++ SERVER] Received payload: 86 bytes
[C++ SERVER] Payload: password=c273fa7505428a152554ab1248060934d8398ee3c5097410c92e4a4cf6986011&username=dat
[C++ SERVER] Sending response: type=241 (ERROR), userId=0, payload_len=19
[C++ SERVER] Response payload: Invalid credentials
[C++ SERVER] Response sent successfully
[C++ SERVER] Connection closed or error, fd=4
[C++ SERVER] Client connected from 127.0.0.1:34038
[C++ SERVER] handle_client started for fd=5
[C++ SERVER] Received: magic=0x43484154 version=1 type=2 length=88
[C++ SERVER] Received payload: 88 bytes
[C++ SERVER] Payload: password=c273fa7505428a152554ab1248060934d8398ee3c5097410c92e4a4cf6986011&username=quang
[C++ SERVER] Sending response: type=241 (ERROR), userId=0, payload_len=19
[C++ SERVER] Response payload: Invalid credentials
[C++ SERVER] Response sent successfully
[C++ SERVER] Received: magic=0x43484154 version=1 type=1 length=104
[C++ SERVER] Received payload: 104 bytes
[C++ SERVER] Payload: username=quang&password=c273fa7505428a152554ab1248060934d8398ee3c5097410c92e4a4cf6986011&email=&phone=11
[PERSISTENCE] Saved 1 users
[LOG] userId=1 action=REGISTER details=username=quang
[C++ SERVER] Sending response: type=240 (SUCCESS), userId=1, payload_len=53
[C++ SERVER] Response payload: success=true&userId=1&token=demo_token&username=quang
[C++ SERVER] Response sent successfully
[C++ SERVER] Received: magic=0x43484154 version=1 type=20 length=0
[DEBUG] GET_FRIENDS_LIST for userId=1, pendingCount=0
[C++ SERVER] Sending response: type=240 (SUCCESS), userId=1, payload_len=22
[C++ SERVER] Response payload: count=0&pendingCount=0
[C++ SERVER] Response sent successfully
[C++ SERVER] Received: magic=0x43484154 version=1 type=20 length=0
[DEBUG] GET_FRIENDS_LIST for userId=1, pendingCount=0
[C++ SERVER] Sending response: type=240 (SUCCESS), userId=1, payload_len=22
[C++ SERVER] Response payload: count=0&pendingCount=0
[C++ SERVER] Response sent successfully
[C++ SERVER] Received: magic=0x43484154 version=1 type=20 length=0
[DEBUG] GET_FRIENDS_LIST for userId=1, pendingCount=0
[C++ SERVER] Sending response: type=240 (SUCCESS), userId=1, payload_len=22
[C++ SERVER] Response payload: count=0&pendingCount=0
[C++ SERVER] Response sent successfully
[C++ SERVER] Received: magic=0x43484154 version=1 type=20 length=0
[DEBUG] GET_FRIENDS_LIST for userId=1, pendingCount=0
[C++ SERVER] Sending response: type=240 (SUCCESS), userId=1, payload_len=22
[C++ SERVER] Response payload: count=0&pendingCount=0
[C++ SERVER] Response sent successfully
[C++ SERVER] Received: magic=0x43484154 version=1 type=3 length=0
[LOG] userId=1 action=LOGOUT
[C++ SERVER] Sending response: type=240 (SUCCESS), userId=1, payload_len=0
[C++ SERVER] Response sent successfully
[C++ SERVER] Client connected from 127.0.0.1:57788
[C++ SERVER] handle_client started for fd=4
[C++ SERVER] Received: magic=0x43484154 version=1 type=1 length=102
[C++ SERVER] Received payload: 102 bytes
[C++ SERVER] Payload: username=dat&password=c273fa7505428a152554ab1248060934d8398ee3c5097410c92e4a4cf6986011&email=&phone=11
[PERSISTENCE] Saved 2 users
[LOG] userId=2 action=REGISTER details=username=dat
[C++ SERVER] Sending response: type=240 (SUCCESS), userId=2, payload_len=51
[C++ SERVER] Response payload: success=true&userId=2&token=demo_token&username=dat
[C++ SERVER] Response sent successfully
[C++ SERVER] Received: magic=0x43484154 version=1 type=20 length=0
[DEBUG] GET_FRIENDS_LIST for userId=2, pendingCount=0
[C++ SERVER] Sending response: type=240 (SUCCESS), userId=2, payload_len=22
[C++ SERVER] Response payload: count=0&pendingCount=0
[C++ SERVER] Response sent successfully
[C++ SERVER] Received: magic=0x43484154 version=1 type=20 length=0
[DEBUG] GET_FRIENDS_LIST for userId=2, pendingCount=0
[C++ SERVER] Sending response: type=240 (SUCCESS), userId=2, payload_len=22
[C++ SERVER] Response payload: count=0&pendingCount=0
[C++ SERVER] Response sent successfully
[C++ SERVER] Received: magic=0x43484154 version=1 type=20 length=0
[DEBUG] GET_FRIENDS_LIST for userId=2, pendingCount=0
[C++ SERVER] Sending response: type=240 (SUCCESS), userId=2, payload_len=22
[C++ SERVER] Response payload: count=0&pendingCount=0
[C++ SERVER] Response sent successfully
[C++ SERVER] Received: magic=0x43484154 version=1 type=5 length=0
[C++ SERVER] Sending response: type=240 (SUCCESS), userId=2, payload_len=37
[C++ SERVER] Response payload: count=1&id0=1&name0=quang&isFriend0=0
[C++ SERVER] Response sent successfully
[C++ SERVER] Received: magic=0x43484154 version=1 type=16 length=14
[C++ SERVER] Received payload: 14 bytes
[C++ SERVER] Payload: username=quang
[DEBUG] FRIEND_REQUEST: userId=2 -> targetId=1, stored successfully
[DEBUG] targetUserId=1 is NOT online, friend request will be delivered on next login
[LOG] userId=2 action=FRIEND_REQUEST details=to_userId=1
[C++ SERVER] Sending response: type=240 (SUCCESS), userId=2, payload_len=19
[C++ SERVER] Response payload: Friend request sent
[C++ SERVER] Response sent successfully
[C++ SERVER] Received: magic=0x43484154 version=1 type=20 length=0
[DEBUG] GET_FRIENDS_LIST for userId=2, pendingCount=0
[C++ SERVER] Sending response: type=240 (SUCCESS), userId=2, payload_len=22
[C++ SERVER] Response payload: count=0&pendingCount=0
[C++ SERVER] Response sent successfully
[C++ SERVER] Received: magic=0x43484154 version=1 type=20 length=0
[DEBUG] GET_FRIENDS_LIST for userId=2, pendingCount=0
[C++ SERVER] Sending response: type=240 (SUCCESS), userId=2, payload_len=22
[C++ SERVER] Response payload: count=0&pendingCount=0
[C++ SERVER] Response sent successfully
[C++ SERVER] Received: magic=0x43484154 version=1 type=3 length=0
[LOG] userId=2 action=LOGOUT
[C++ SERVER] Sending response: type=240 (SUCCESS), userId=2, payload_len=0
[C++ SERVER] Response sent successfully
[C++ SERVER] Client connected from 127.0.0.1:51134
[C++ SERVER] handle_client started for fd=5
[C++ SERVER] Received: magic=0x43484154 version=1 type=2 length=88
[C++ SERVER] Received payload: 88 bytes
[C++ SERVER] Payload: password=c273fa7505428a152554ab1248060934d8398ee3c5097410c92e4a4cf6986011&username=quang
[C++ SERVER] Sending response: type=240 (SUCCESS), userId=1, payload_len=53
[C++ SERVER] Response payload: success=true&userId=1&token=demo_token&username=quang
[C++ SERVER] Response sent successfully
[LOG] userId=1 action=LOGIN details=username=quang
[DEBUG] Delivering 1 pending friend requests to userId=1
[C++ SERVER] Sending response: type=16 (OTHER), userId=2, payload_len=29
[C++ SERVER] Response payload: fromUserId=2&fromUsername=dat
[C++ SERVER] Response sent successfully
[C++ SERVER] Received: magic=0x43484154 version=1 type=20 length=0
[DEBUG] GET_FRIENDS_LIST for userId=1, pendingCount=1
[DEBUG]   pending request from userId=2
[C++ SERVER] Sending response: type=240 (SUCCESS), userId=1, payload_len=46
[C++ SERVER] Response payload: count=0&pendingCount=1&req_id0=2&req_name0=dat
[C++ SERVER] Response sent successfully
[C++ SERVER] Received: magic=0x43484154 version=1 type=20 length=0
[DEBUG] GET_FRIENDS_LIST for userId=1, pendingCount=1
[DEBUG]   pending request from userId=2
[C++ SERVER] Sending response: type=240 (SUCCESS), userId=1, payload_len=46
[C++ SERVER] Response payload: count=0&pendingCount=1&req_id0=2&req_name0=dat
[C++ SERVER] Response sent successfully
[C++ SERVER] Received: magic=0x43484154 version=1 type=20 length=0
[DEBUG] GET_FRIENDS_LIST for userId=1, pendingCount=1
[DEBUG]   pending request from userId=2
[C++ SERVER] Sending response: type=240 (SUCCESS), userId=1, payload_len=46
[C++ SERVER] Response payload: count=0&pendingCount=1&req_id0=2&req_name0=dat
[C++ SERVER] Response sent successfully
[C++ SERVER] Received: magic=0x43484154 version=1 type=17 length=8
[C++ SERVER] Received payload: 8 bytes
[C++ SERVER] Payload: userId=2
[C++ SERVER] Sending response: type=240 (SUCCESS), userId=1, payload_len=23
[C++ SERVER] Response payload: Friend request accepted
[C++ SERVER] Response sent successfully
[C++ SERVER] Received: magic=0x43484154 version=1 type=20 length=0
[DEBUG] GET_FRIENDS_LIST for userId=1, pendingCount=0
[C++ SERVER] Sending response: type=240 (SUCCESS), userId=1, payload_len=38
[C++ SERVER] Response payload: count=1&id0=2&name0=dat&pendingCount=0
[C++ SERVER] Response sent successfully
[C++ SERVER] Received: magic=0x43484154 version=1 type=32 length=27
[C++ SERVER] Received payload: 27 bytes
[C++ SERVER] Payload: message=hello&recipientId=2
[LOG] userId=1 action=DIRECT_MESSAGE details=to_userId=2
[C++ SERVER] Sending response: type=240 (SUCCESS), userId=1, payload_len=12
[C++ SERVER] Response payload: Message sent
[C++ SERVER] Response sent successfully
[C++ SERVER] Received: magic=0x43484154 version=1 type=20 length=0
[DEBUG] GET_FRIENDS_LIST for userId=1, pendingCount=0
[C++ SERVER] Sending response: type=240 (SUCCESS), userId=1, payload_len=38
[C++ SERVER] Response payload: count=1&id0=2&name0=dat&pendingCount=0
[C++ SERVER] Response sent successfully
[C++ SERVER] Received: magic=0x43484154 version=1 type=20 length=0
[DEBUG] GET_FRIENDS_LIST for userId=1, pendingCount=0
[C++ SERVER] Sending response: type=240 (SUCCESS), userId=1, payload_len=38
[C++ SERVER] Response payload: count=1&id0=2&name0=dat&pendingCount=0
[C++ SERVER] Response sent successfully
[C++ SERVER] Received: magic=0x43484154 version=1 type=20 length=0
[DEBUG] GET_FRIENDS_LIST for userId=1, pendingCount=0
[C++ SERVER] Sending response: type=240 (SUCCESS), userId=1, payload_len=38
[C++ SERVER] Response payload: count=1&id0=2&name0=dat&pendingCount=0
[C++ SERVER] Response sent successfully
[C++ SERVER] Received: magic=0x43484154 version=1 type=3 length=0
[LOG] userId=1 action=LOGOUT
[C++ SERVER] Sending response: type=240 (SUCCESS), userId=1, payload_len=0
[C++ SERVER] Response sent successfully
[C++ SERVER] Client connected from 127.0.0.1:54566
[C++ SERVER] handle_client started for fd=4
[C++ SERVER] Received: magic=0x43484154 version=1 type=2 length=86
[C++ SERVER] Received payload: 86 bytes
[C++ SERVER] Payload: password=c273fa7505428a152554ab1248060934d8398ee3c5097410c92e4a4cf6986011&username=dat
[C++ SERVER] Sending response: type=240 (SUCCESS), userId=2, payload_len=51
[C++ SERVER] Response payload: success=true&userId=2&token=demo_token&username=dat
[C++ SERVER] Response sent successfully
[LOG] userId=2 action=LOGIN details=username=dat
[C++ SERVER] Sending response: type=32 (OTHER), userId=1, payload_len=45
[C++ SERVER] Response payload: senderId=1&message=hello&timestamp=1764228352
[C++ SERVER] Response sent successfully
[C++ SERVER] Received: magic=0x43484154 version=1 type=20 length=0
[DEBUG] GET_FRIENDS_LIST for userId=2, pendingCount=0
[C++ SERVER] Sending response: type=240 (SUCCESS), userId=2, payload_len=40
[C++ SERVER] Response payload: count=1&id0=1&name0=quang&pendingCount=0
[C++ SERVER] Response sent successfully
[C++ SERVER] Received: magic=0x43484154 version=1 type=20 length=0
[DEBUG] GET_FRIENDS_LIST for userId=2, pendingCount=0
[C++ SERVER] Sending response: type=240 (SUCCESS), userId=2, payload_len=40
[C++ SERVER] Response payload: count=1&id0=1&name0=quang&pendingCount=0
[C++ SERVER] Response sent successfully
[C++ SERVER] Received: magic=0x43484154 version=1 type=20 length=0
[DEBUG] GET_FRIENDS_LIST for userId=2, pendingCount=0
[C++ SERVER] Sending response: type=240 (SUCCESS), userId=2, payload_len=40
[C++ SERVER] Response payload: count=1&id0=1&name0=quang&pendingCount=0
[C++ SERVER] Response sent successfully
[C++ SERVER] Received: magic=0x43484154 version=1 type=20 length=0
[DEBUG] GET_FRIENDS_LIST for userId=2, pendingCount=0
[C++ SERVER] Sending response: type=240 (SUCCESS), userId=2, payload_len=40
[C++ SERVER] Response payload: count=1&id0=1&name0=quang&pendingCount=0
[C++ SERVER] Response sent successfully
[C++ SERVER] Received: magic=0x43484154 version=1 type=20 length=0
[DEBUG] GET_FRIENDS_LIST for userId=2, pendingCount=0
[C++ SERVER] Sending response: type=240 (SUCCESS), userId=2, payload_len=40
[C++ SERVER] Response payload: count=1&id0=1&name0=quang&pendingCount=0
[C++ SERVER] Response sent successfully
[C++ SERVER] Received: magic=0x43484154 version=1 type=20 length=0
[DEBUG] GET_FRIENDS_LIST for userId=2, pendingCount=0
[C++ SERVER] Sending response: type=240 (SUCCESS), userId=2, payload_len=40
[C++ SERVER] Response payload: count=1&id0=1&name0=quang&pendingCount=0
[C++ SERVER] Response sent successfully
[C++ SERVER] Received: magic=0x43484154 version=1 type=19 length=8
[C++ SERVER] Received payload: 8 bytes
[C++ SERVER] Payload: userId=1
[C++ SERVER] Sending response: type=240 (SUCCESS), userId=2, payload_len=10
[C++ SERVER] Response payload: Unfriended
[C++ SERVER] Response sent successfully
[C++ SERVER] Received: magic=0x43484154 version=1 type=5 length=0
[C++ SERVER] Sending response: type=240 (SUCCESS), userId=2, payload_len=37
[C++ SERVER] Response payload: count=1&id0=1&name0=quang&isFriend0=0
[C++ SERVER] Response sent successfully
[C++ SERVER] Received: magic=0x43484154 version=1 type=16 length=14
[C++ SERVER] Received payload: 14 bytes
[C++ SERVER] Payload: username=quang
[DEBUG] FRIEND_REQUEST: userId=2 -> targetId=1, stored successfully
[DEBUG] targetUserId=1 is NOT online, friend request will be delivered on next login
[LOG] userId=2 action=FRIEND_REQUEST details=to_userId=1
[C++ SERVER] Sending response: type=240 (SUCCESS), userId=2, payload_len=19
[C++ SERVER] Response payload: Friend request sent
[C++ SERVER] Response sent successfully
[C++ SERVER] Received: magic=0x43484154 version=1 type=20 length=0
[DEBUG] GET_FRIENDS_LIST for userId=2, pendingCount=0
[C++ SERVER] Sending response: type=240 (SUCCESS), userId=2, payload_len=22
[C++ SERVER] Response payload: count=0&pendingCount=0
[C++ SERVER] Response sent successfully
[C++ SERVER] Received: magic=0x43484154 version=1 type=20 length=0
[DEBUG] GET_FRIENDS_LIST for userId=2, pendingCount=0
[C++ SERVER] Sending response: type=240 (SUCCESS), userId=2, payload_len=22
[C++ SERVER] Response payload: count=0&pendingCount=0
[C++ SERVER] Response sent successfully
[C++ SERVER] Received: magic=0x43484154 version=1 type=3 length=0
[LOG] userId=2 action=LOGOUT
[C++ SERVER] Sending response: type=240 (SUCCESS), userId=2, payload_len=0
[C++ SERVER] Response sent successfully
[C++ SERVER] Client connected from 127.0.0.1:48826
[C++ SERVER] handle_client started for fd=5
[C++ SERVER] Received: magic=0x43484154 version=1 type=2 length=88
[C++ SERVER] Received payload: 88 bytes
[C++ SERVER] Payload: password=c273fa7505428a152554ab1248060934d8398ee3c5097410c92e4a4cf6986011&username=quang
[C++ SERVER] Sending response: type=240 (SUCCESS), userId=1, payload_len=53
[C++ SERVER] Response payload: success=true&userId=1&token=demo_token&username=quang
[C++ SERVER] Response sent successfully
[LOG] userId=1 action=LOGIN details=username=quang
[DEBUG] Delivering 1 pending friend requests to userId=1
[C++ SERVER] Sending response: type=16 (OTHER), userId=2, payload_len=29
[C++ SERVER] Response payload: fromUserId=2&fromUsername=dat
[C++ SERVER] Response sent successfully
[C++ SERVER] Received: magic=0x43484154 version=1 type=20 length=0
[DEBUG] GET_FRIENDS_LIST for userId=1, pendingCount=1
[DEBUG]   pending request from userId=2
[C++ SERVER] Sending response: type=240 (SUCCESS), userId=1, payload_len=46
[C++ SERVER] Response payload: count=0&pendingCount=1&req_id0=2&req_name0=dat
[C++ SERVER] Response sent successfully
[C++ SERVER] Received: magic=0x43484154 version=1 type=20 length=0
[DEBUG] GET_FRIENDS_LIST for userId=1, pendingCount=1
[DEBUG]   pending request from userId=2
[C++ SERVER] Sending response: type=240 (SUCCESS), userId=1, payload_len=46
[C++ SERVER] Response payload: count=0&pendingCount=1&req_id0=2&req_name0=dat
[C++ SERVER] Response sent successfully
[C++ SERVER] Received: magic=0x43484154 version=1 type=20 length=0
[DEBUG] GET_FRIENDS_LIST for userId=1, pendingCount=1
[DEBUG]   pending request from userId=2
[C++ SERVER] Sending response: type=240 (SUCCESS), userId=1, payload_len=46
[C++ SERVER] Response payload: count=0&pendingCount=1&req_id0=2&req_name0=dat
[C++ SERVER] Response sent successfully
[C++ SERVER] Received: magic=0x43484154 version=1 type=17 length=8
[C++ SERVER] Received payload: 8 bytes
[C++ SERVER] Payload: userId=2
[C++ SERVER] Sending response: type=240 (SUCCESS), userId=1, payload_len=23
[C++ SERVER] Response payload: Friend request accepted
[C++ SERVER] Response sent successfully
[C++ SERVER] Received: magic=0x43484154 version=1 type=20 length=0
[DEBUG] GET_FRIENDS_LIST for userId=1, pendingCount=0
[C++ SERVER] Sending response: type=240 (SUCCESS), userId=1, payload_len=38
[C++ SERVER] Response payload: count=1&id0=2&name0=dat&pendingCount=0
[C++ SERVER] Response sent successfully
[C++ SERVER] Received: magic=0x43484154 version=1 type=20 length=0
[DEBUG] GET_FRIENDS_LIST for userId=1, pendingCount=0
[C++ SERVER] Sending response: type=240 (SUCCESS), userId=1, payload_len=38
[C++ SERVER] Response payload: count=1&id0=2&name0=dat&pendingCount=0
[C++ SERVER] Response sent successfully
[C++ SERVER] Received: magic=0x43484154 version=1 type=20 length=0
[DEBUG] GET_FRIENDS_LIST for userId=1, pendingCount=0
[C++ SERVER] Sending response: type=240 (SUCCESS), userId=1, payload_len=38
[C++ SERVER] Response payload: count=1&id0=2&name0=dat&pendingCount=0
[C++ SERVER] Response sent successfully
